#-----------------------------------------------------------
# Webtalk v2020.2 (64-bit)
# SW Build 3064766 on Wed Nov 18 09:12:45 MST 2020
# IP Build 3064653 on Wed Nov 18 14:17:31 MST 2020
# Start of session at: Thu Jun  9 09:46:09 2022
# Process ID: 9288
# Current directory: C:/Users/Maciek/Documents/uklady_programowalne/ipintegrator/ipintegrator.sim/sim_1/synth/func/xsim
# Command line: wbtcv.exe -mode batch -source C:/Users/Maciek/Documents/uklady_programowalne/ipintegrator/ipintegrator.sim/sim_1/synth/func/xsim/xsim.dir/test_func_synth/webtalk/xsim_webtalk.tcl -notrace
# Log file: C:/Users/Maciek/Documents/uklady_programowalne/ipintegrator/ipintegrator.sim/sim_1/synth/func/xsim/webtalk.log
# Journal file: C:/Users/Maciek/Documents/uklady_programowalne/ipintegrator/ipintegrator.sim/sim_1/synth/func/xsim\webtalk.jou
#-----------------------------------------------------------
source C:/Users/Maciek/Documents/uklady_programowalne/ipintegrator/ipintegrator.sim/sim_1/synth/func/xsim/xsim.dir/test_func_synth/webtalk/xsim_webtalk.tcl -notrace
